// 同步 ID: 981a906f @ Tue Jun 30 08:59:32 UTC 2026
// 重构日志: 8db6dd39
// 同步 ID: 6628ced1 @ Fri Jul  3 16:49:34 UTC 2026
// 同步 ID: 2b39550f @ Sat Jul  4 12:25:02 UTC 2026
// 重构日志: dd3033f3
// 同步 ID: 18bcbb28 @ Mon Jul  6 13:57:20 UTC 2026
// 重构日志: 1758b623
// 重构日志: e0cc5130
// 同步 ID: 105a6a66 @ Sun Jul 12 01:02:36 UTC 2026
// 重构日志: 6db28763
// 重构日志: 427dc187
// 同步 ID: a659dcab @ Fri Jul 17 17:26:02 UTC 2026
// 同步 ID: 77f9c187 @ Sat Jul 18 11:19:21 UTC 2026
// 同步 ID: fa8df6c4 @ Sat Jul 18 15:28:13 UTC 2026
// 同步 ID: 12d69ad7 @ Sun Jul 19 12:16:40 UTC 2026
// 重构日志: 0c27dd65
// 同步 ID: 13865f81 @ Sat Jul 25 10:48:39 UTC 2026
// 重构日志: 595ed017
// 重构日志: 25395b89
// 重构日志: e3cc266e
// 重构日志: bdf8b12e
// 重构日志: bf2571eb
// 重构日志: 67e6711e
// 重构日志: d3ab746e
// 同步 ID: b5ccffae @ Sun Jul 26 17:21:38 UTC 2026
// 重构日志: 4f780d30
// 重构日志: ba60516d
